git: error: couldn't create cache file '/var/folders/rx/s0xm_6wd6xz2m_n_t_09b57m0000gp/T/xcrun_db-j7SOizCn' (errno=Operation not permitted)
2026-09-16 21:52:53.544 xcodebuild[73786:26512715]  DVTFilePathFSEvents: Failed to start fs event stream.
git: error: couldn't create cache file '/var/folders/rx/s0xm_6wd6xz2m_n_t_09b57m0000gp/T/xcrun_db-uVJ3crFk' (errno=Operation not permitted)
2026-09-16 21:52:55.060 xcodebuild[73791:26512769]  DVTFilePathFSEvents: Failed to start fs event stream.
git: error: couldn't create cache file '/var/folders/rx/s0xm_6wd6xz2m_n_t_09b57m0000gp/T/xcrun_db-zOqdxNko' (errno=Operation not permitted)
2026-09-16 21:52:57.847 xcodebuild[73797:26512862]  DVTFilePathFSEvents: Failed to start fs event stream.
git: error: couldn't create cache file '/var/folders/rx/s0xm_6wd6xz2m_n_t_09b57m0000gp/T/xcrun_db-D4HtB62i' (errno=Operation not permitted)
2026-09-16 21:52:59.292 xcodebuild[73806:26512920]  DVTFilePathFSEvents: Failed to start fs event stream.
git: error: couldn't create cache file '/var/folders/rx/s0xm_6wd6xz2m_n_t_09b57m0000gp/T/xcrun_db-GCM9Lote' (errno=Operation not permitted)
2026-09-16 21:53:02.294 xcodebuild[73812:26512975]  DVTFilePathFSEvents: Failed to start fs event stream.
git: error: couldn't create cache file '/var/folders/rx/s0xm_6wd6xz2m_n_t_09b57m0000gp/T/xcrun_db-5Z6MZTtD' (errno=Operation not permitted)
2026-09-16 21:53:03.902 xcodebuild[73820:26513018]  DVTFilePathFSEvents: Failed to start fs event stream.
git: error: couldn't create cache file '/var/folders/rx/s0xm_6wd6xz2m_n_t_09b57m0000gp/T/xcrun_db-XwQc14g3' (errno=Operation not permitted)
2026-09-16 21:53:06.614 xcodebuild[73827:26513104]  DVTFilePathFSEvents: Failed to start fs event stream.
git: error: couldn't create cache file '/var/folders/rx/s0xm_6wd6xz2m_n_t_09b57m0000gp/T/xcrun_db-01RiVoHt' (errno=Operation not permitted)
2026-09-16 21:53:08.090 xcodebuild[73829:26513127]  DVTFilePathFSEvents: Failed to start fs event stream.
git: error: couldn't create cache file '/var/folders/rx/s0xm_6wd6xz2m_n_t_09b57m0000gp/T/xcrun_db-DoBUVxn4' (errno=Operation not permitted)
2026-09-16 21:53:10.738 xcodebuild[73836:26513183]  DVTFilePathFSEvents: Failed to start fs event stream.
git: error: couldn't create cache file '/var/folders/rx/s0xm_6wd6xz2m_n_t_09b57m0000gp/T/xcrun_db-J5PnOSWt' (errno=Operation not permitted)
2026-09-16 21:53:12.141 xcodebuild[73839:26513218]  DVTFilePathFSEvents: Failed to start fs event stream.
git: error: couldn't create cache file '/var/folders/rx/s0xm_6wd6xz2m_n_t_09b57m0000gp/T/xcrun_db-TkXZSfgM' (errno=Operation not permitted)
2026-09-16 21:53:15.567 xcodebuild[73853:26513312]  DVTFilePathFSEvents: Failed to start fs event stream.
git: error: couldn't create cache file '/var/folders/rx/s0xm_6wd6xz2m_n_t_09b57m0000gp/T/xcrun_db-y9VJpqD7' (errno=Operation not permitted)
2026-09-16 21:53:16.977 xcodebuild[73856:26513340]  DVTFilePathFSEvents: Failed to start fs event stream.
